// Jest Snapshot v1, https://goo.gl/fbAQLP

exports[`RegisterScreen matches the rendered output snapshot 1`] = `
<View
  className="flex-1 bg-backrgound py-safe-offset-4 px-4"
>
  <Text
    className="font-body based-styles font-semibold text-typography-primary text-[16px] tracking-[0px] text-center"
  >
    Create your account
  </Text>
  <View
    className="mt-12 items-center"
  >
    <View
      className="flex-row items-center justify-around mt-12 w-full"
    />
  </View>
</View>
`;
