// Jest Snapshot v1, https://goo.gl/fbAQLP

exports[`StartScreen matches the rendered output snapshot 1`] = `
<View
  className="flex-1 py-safe-offset-4 bg-backrgound"
>
  <View
    className="mb-4 px-4"
  />
  <View
    className="px-4"
  >
    <View
      accessibilityState={
        {
          "busy": undefined,
          "checked": undefined,
          "disabled": undefined,
          "expanded": undefined,
          "selected": undefined,
        }
      }
      accessibilityValue={
        {
          "max": undefined,
          "min": undefined,
          "now": undefined,
          "text": undefined,
        }
      }
      accessible={true}
      className="group/button flex-row items-center justify-center data-[focus-visible=true]:web:outline-none data-[focus-visible=true]:web:ring-2 data-[disabled=true]:opacity-40 gap-2 data-[hover=true]:bg-primary-600 border-primary-300 data-[hover=true]:border-primary-400 data-[active=true]:border-primary-500 data-[focus-visible=true]:web:ring-indicator-info px-5 based-styles w-full h-[48px] rounded-[10px] bg-primary-0 data-[active=true]:bg-primary-50"
      collapsable={false}
      dataSet={
        {
          "active": "false",
          "disabled": "false",
          "focus": "false",
          "focusVisible": "false",
          "hover": "false",
        }
      }
      focusable={true}
      onBlur={[Function]}
      onClick={[Function]}
      onFocus={[Function]}
      onResponderGrant={[Function]}
      onResponderMove={[Function]}
      onResponderRelease={[Function]}
      onResponderTerminate={[Function]}
      onResponderTerminationRequest={[Function]}
      onStartShouldSetResponder={[Function]}
      role="button"
      states={
        {
          "active": false,
          "disabled": undefined,
          "focus": false,
          "focusVisible": false,
          "hover": false,
        }
      }
      testID="Button"
    >
      <View
        className="flex-row items-center justify-center gap-2 flex-1"
      >
        <Text
          className="based-styles font-regular text-[16px] tracking-[0px] text-white"
        >
          Get Started
        </Text>
      </View>
    </View>
  </View>
</View>
`;
