// Jest Snapshot v1, https://goo.gl/fbAQLP

exports[`LoginDivider renders correctly and matches snapshot 1`] = `
<View
  className="flex-row items-center mt-8 px-8"
  testID="login-divider"
>
  <View
    style={
      {
        "width": "100%",
      }
    }
    testID="divider-container"
  >
    <View
      className="flex-row items-center w-full gap-[5px]"
    >
      <View
        aria-orientation="horizontal"
        className="w-full based-styles h-[1px] flex-1 bg-typography-secondary"
        testID="divider-with-title"
      />
      <Text
        className="based-styles font-regular text-[12px] tracking-[0px] text-typography-secondary -mt-[2px]"
      >
        Or login with
      </Text>
      <View
        aria-orientation="horizontal"
        className="w-full based-styles h-[1px] flex-1 bg-typography-secondary"
        testID="divider-with-title"
      />
    </View>
  </View>
</View>
`;
